Archive member included to satisfy reference by file (symbol)

/usr/lib/gcc/avr/5.4.0/avr51/libgcc.a(_exit.o)
                              /usr/lib/gcc/avr/5.4.0/../../../avr/lib/avr51/crtatmega1284p.o (exit)
/usr/lib/gcc/avr/5.4.0/avr51/libgcc.a(_copy_data.o)
                              usbdrv/usbdrv.o (__do_copy_data)
/usr/lib/gcc/avr/5.4.0/avr51/libgcc.a(_clear_bss.o)
                              usbdrv/usbdrv.o (__do_clear_bss)
/usr/lib/gcc/avr/5.4.0/../../../avr/lib/avr51/libc.a(iob.o)
                              uart.o (__iob)
/usr/lib/gcc/avr/5.4.0/../../../avr/lib/avr51/libc.a(printf.o)
                              main.o (printf)
/usr/lib/gcc/avr/5.4.0/../../../avr/lib/avr51/libc.a(putchar.o)
                              main.o (putchar)
/usr/lib/gcc/avr/5.4.0/../../../avr/lib/avr51/libc.a(vfprintf_std.o)
                              /usr/lib/gcc/avr/5.4.0/../../../avr/lib/avr51/libc.a(printf.o) (vfprintf)
/usr/lib/gcc/avr/5.4.0/../../../avr/lib/avr51/libc.a(strnlen_P.o)
                              /usr/lib/gcc/avr/5.4.0/../../../avr/lib/avr51/libc.a(vfprintf_std.o) (strnlen_P)
/usr/lib/gcc/avr/5.4.0/../../../avr/lib/avr51/libc.a(strnlen.o)
                              /usr/lib/gcc/avr/5.4.0/../../../avr/lib/avr51/libc.a(vfprintf_std.o) (strnlen)
/usr/lib/gcc/avr/5.4.0/../../../avr/lib/avr51/libc.a(fputc.o)
                              /usr/lib/gcc/avr/5.4.0/../../../avr/lib/avr51/libc.a(putchar.o) (fputc)
/usr/lib/gcc/avr/5.4.0/../../../avr/lib/avr51/libc.a(ultoa_invert.o)
                              /usr/lib/gcc/avr/5.4.0/../../../avr/lib/avr51/libc.a(vfprintf_std.o) (__ultoa_invert)

Allocating common symbols
Common symbol       size              file

usbTxBuf            0xb               usbdrv/usbdrv.o
usbDeviceAddr       0x1               usbdrv/usbdrv.o
usbRxToken          0x1               usbdrv/usbdrv.o
usbInputBufOffset   0x1               usbdrv/usbdrv.o
usbMsgPtr           0x2               usbdrv/usbdrv.o
usbRxLen            0x1               usbdrv/usbdrv.o
usbNewDeviceAddr    0x1               usbdrv/usbdrv.o
usbCurrentTok       0x1               usbdrv/usbdrv.o
usbConfiguration    0x1               usbdrv/usbdrv.o
usbRxBuf            0x16              usbdrv/usbdrv.o
__iob               0x6               /usr/lib/gcc/avr/5.4.0/../../../avr/lib/avr51/libc.a(iob.o)

Memory Configuration

Name             Origin             Length             Attributes
text             0x0000000000000000 0x0000000000020000 xr
data             0x0000000000800100 0x000000000000ff00 rw !x
eeprom           0x0000000000810000 0x0000000000010000 rw !x
fuse             0x0000000000820000 0x0000000000000003 rw !x
lock             0x0000000000830000 0x0000000000000400 rw !x
signature        0x0000000000840000 0x0000000000000400 rw !x
user_signatures  0x0000000000850000 0x0000000000000400 rw !x
*default*        0x0000000000000000 0xffffffffffffffff

Linker script and memory map

Address of section .data set to 0x800100
LOAD /usr/lib/gcc/avr/5.4.0/../../../avr/lib/avr51/crtatmega1284p.o
LOAD usbdrv/usbdrv.o
LOAD usbdrv/usbdrvasm.o
LOAD usbdrv/oddebug.o
LOAD clock.o
LOAD uart.o
LOAD main.o
START GROUP
LOAD /usr/lib/gcc/avr/5.4.0/avr51/libgcc.a
LOAD /usr/lib/gcc/avr/5.4.0/../../../avr/lib/avr51/libm.a
LOAD /usr/lib/gcc/avr/5.4.0/../../../avr/lib/avr51/libc.a
LOAD /usr/lib/gcc/avr/5.4.0/../../../avr/lib/avr51/libatmega1284p.a
END GROUP
                0x0000000000000000                __TEXT_REGION_ORIGIN__ = DEFINED (__TEXT_REGION_ORIGIN__)?__TEXT_REGION_ORIGIN__:0x0
                0x0000000000800100                __DATA_REGION_ORIGIN__ = DEFINED (__DATA_REGION_ORIGIN__)?__DATA_REGION_ORIGIN__:0x800100
                0x0000000000020000                __TEXT_REGION_LENGTH__ = DEFINED (__TEXT_REGION_LENGTH__)?__TEXT_REGION_LENGTH__:0x20000
                0x000000000000ff00                __DATA_REGION_LENGTH__ = DEFINED (__DATA_REGION_LENGTH__)?__DATA_REGION_LENGTH__:0xff00
                0x0000000000010000                __EEPROM_REGION_LENGTH__ = DEFINED (__EEPROM_REGION_LENGTH__)?__EEPROM_REGION_LENGTH__:0x10000
                [0x0000000000000003]                __FUSE_REGION_LENGTH__ = DEFINED (__FUSE_REGION_LENGTH__)?__FUSE_REGION_LENGTH__:0x400
                0x0000000000000400                __LOCK_REGION_LENGTH__ = DEFINED (__LOCK_REGION_LENGTH__)?__LOCK_REGION_LENGTH__:0x400
                0x0000000000000400                __SIGNATURE_REGION_LENGTH__ = DEFINED (__SIGNATURE_REGION_LENGTH__)?__SIGNATURE_REGION_LENGTH__:0x400
                0x0000000000000400                __USER_SIGNATURE_REGION_LENGTH__ = DEFINED (__USER_SIGNATURE_REGION_LENGTH__)?__USER_SIGNATURE_REGION_LENGTH__:0x400

.hash
 *(.hash)

.dynsym
 *(.dynsym)

.dynstr
 *(.dynstr)

.gnu.version
 *(.gnu.version)

.gnu.version_d
 *(.gnu.version_d)

.gnu.version_r
 *(.gnu.version_r)

.rel.init
 *(.rel.init)

.rela.init
 *(.rela.init)

.rel.text
 *(.rel.text)
 *(.rel.text.*)
 *(.rel.gnu.linkonce.t*)

.rela.text
 *(.rela.text)
 *(.rela.text.*)
 *(.rela.gnu.linkonce.t*)

.rel.fini
 *(.rel.fini)

.rela.fini
 *(.rela.fini)

.rel.rodata
 *(.rel.rodata)
 *(.rel.rodata.*)
 *(.rel.gnu.linkonce.r*)

.rela.rodata
 *(.rela.rodata)
 *(.rela.rodata.*)
 *(.rela.gnu.linkonce.r*)

.rel.data
 *(.rel.data)
 *(.rel.data.*)
 *(.rel.gnu.linkonce.d*)

.rela.data
 *(.rela.data)
 *(.rela.data.*)
 *(.rela.gnu.linkonce.d*)

.rel.ctors
 *(.rel.ctors)

.rela.ctors
 *(.rela.ctors)

.rel.dtors
 *(.rel.dtors)

.rela.dtors
 *(.rela.dtors)

.rel.got
 *(.rel.got)

.rela.got
 *(.rela.got)

.rel.bss
 *(.rel.bss)

.rela.bss
 *(.rela.bss)

.rel.plt
 *(.rel.plt)

.rela.plt
 *(.rela.plt)

.text           0x0000000000000000     0x142c
 *(.vectors)
 .vectors       0x0000000000000000       0x8c /usr/lib/gcc/avr/5.4.0/../../../avr/lib/avr51/crtatmega1284p.o
                0x0000000000000000                __vectors
                0x0000000000000000                __vector_default
 *(.vectors)
 *(.progmem.gcc*)
                0x000000000000008c                . = ALIGN (0x2)
                0x000000000000008c                __trampolines_start = .
 *(.trampolines)
 .trampolines   0x000000000000008c        0x0 linker stubs
 *(.trampolines*)
                0x000000000000008c                __trampolines_end = .
 *libprintf_flt.a:*(.progmem.data)
 *libc.a:*(.progmem.data)
 *(.progmem*)
 .progmem.data  0x000000000000008c       0x52 usbdrv/usbdrv.o
                0x000000000000008c                usbDescriptorConfiguration
                0x000000000000009e                usbDescriptorDevice
                0x00000000000000b0                usbDescriptorStringDevice
                0x00000000000000be                usbDescriptorStringVendor
                0x00000000000000da                usbDescriptorString0
                0x00000000000000de                . = ALIGN (0x2)
 *(.jumptables)
 *(.jumptables*)
 *(.lowtext)
 *(.lowtext*)
                0x00000000000000de                __ctors_start = .
 *(.ctors)
                0x00000000000000de                __ctors_end = .
                0x00000000000000de                __dtors_start = .
 *(.dtors)
                0x00000000000000de                __dtors_end = .
 SORT(*)(.ctors)
 SORT(*)(.dtors)
 *(.init0)
 .init0         0x00000000000000de        0x0 /usr/lib/gcc/avr/5.4.0/../../../avr/lib/avr51/crtatmega1284p.o
                0x00000000000000de                __init
 *(.init0)
 *(.init1)
 *(.init1)
 *(.init2)
 .init2         0x00000000000000de        0xc /usr/lib/gcc/avr/5.4.0/../../../avr/lib/avr51/crtatmega1284p.o
 *(.init2)
 *(.init3)
 *(.init3)
 *(.init4)
 .init4         0x00000000000000ea       0x1a /usr/lib/gcc/avr/5.4.0/avr51/libgcc.a(_copy_data.o)
                0x00000000000000ea                __do_copy_data
 .init4         0x0000000000000104       0x10 /usr/lib/gcc/avr/5.4.0/avr51/libgcc.a(_clear_bss.o)
                0x0000000000000104                __do_clear_bss
 *(.init4)
 *(.init5)
 *(.init5)
 *(.init6)
 *(.init6)
 *(.init7)
 *(.init7)
 *(.init8)
 *(.init8)
 *(.init9)
 .init9         0x0000000000000114        0x8 /usr/lib/gcc/avr/5.4.0/../../../avr/lib/avr51/crtatmega1284p.o
 *(.init9)
 *(.text)
 .text          0x000000000000011c        0x4 /usr/lib/gcc/avr/5.4.0/../../../avr/lib/avr51/crtatmega1284p.o
                0x000000000000011c                __vector_22
                0x000000000000011c                __vector_28
                0x000000000000011c                __vector_1
                0x000000000000011c                __vector_32
                0x000000000000011c                __vector_34
                0x000000000000011c                __vector_24
                0x000000000000011c                __vector_12
                0x000000000000011c                __bad_interrupt
                0x000000000000011c                __vector_6
                0x000000000000011c                __vector_31
                0x000000000000011c                __vector_23
                0x000000000000011c                __vector_30
                0x000000000000011c                __vector_25
                0x000000000000011c                __vector_11
                0x000000000000011c                __vector_13
                0x000000000000011c                __vector_17
                0x000000000000011c                __vector_19
                0x000000000000011c                __vector_7
                0x000000000000011c                __vector_27
                0x000000000000011c                __vector_5
                0x000000000000011c                __vector_33
                0x000000000000011c                __vector_4
                0x000000000000011c                __vector_9
                0x000000000000011c                __vector_2
                0x000000000000011c                __vector_21
                0x000000000000011c                __vector_15
                0x000000000000011c                __vector_29
                0x000000000000011c                __vector_8
                0x000000000000011c                __vector_26
                0x000000000000011c                __vector_14
                0x000000000000011c                __vector_10
                0x000000000000011c                __vector_16
                0x000000000000011c                __vector_18
                0x000000000000011c                __vector_20
 .text          0x0000000000000120      0x272 usbdrv/usbdrv.o
                0x0000000000000120                usbPoll
                0x0000000000000384                usbInit
 .text          0x0000000000000392      0x28c usbdrv/usbdrvasm.o
                0x0000000000000392                usbCrc16
                0x00000000000003bc                usbCrc16Append
                0x00000000000003c4                __vector_3
 .text          0x000000000000061e        0x0 usbdrv/oddebug.o
 .text          0x000000000000061e       0x18 clock.o
                0x000000000000061e                clockWait
 .text          0x0000000000000636       0x66 uart.o
                0x0000000000000636                uputchar0
                0x000000000000065c                ugetchar0
                0x000000000000066c                init_debug_uart0
 .text          0x000000000000069c      0x79c main.o
                0x000000000000069c                usbFunctionSetup
                0x0000000000000c86                usbFunctionRead
                0x0000000000000d0c                usbFunctionWrite
 .text          0x0000000000000e38        0x0 /usr/lib/gcc/avr/5.4.0/avr51/libgcc.a(_exit.o)
 .text          0x0000000000000e38        0x0 /usr/lib/gcc/avr/5.4.0/avr51/libgcc.a(_copy_data.o)
 .text          0x0000000000000e38        0x0 /usr/lib/gcc/avr/5.4.0/avr51/libgcc.a(_clear_bss.o)
 .text          0x0000000000000e38        0x0 /usr/lib/gcc/avr/5.4.0/../../../avr/lib/avr51/libc.a(iob.o)
 .text          0x0000000000000e38        0x0 /usr/lib/gcc/avr/5.4.0/../../../avr/lib/avr51/libc.a(printf.o)
 .text          0x0000000000000e38        0x0 /usr/lib/gcc/avr/5.4.0/../../../avr/lib/avr51/libc.a(putchar.o)
 .text          0x0000000000000e38        0x0 /usr/lib/gcc/avr/5.4.0/../../../avr/lib/avr51/libc.a(vfprintf_std.o)
 .text          0x0000000000000e38        0x0 /usr/lib/gcc/avr/5.4.0/../../../avr/lib/avr51/libc.a(strnlen_P.o)
 .text          0x0000000000000e38        0x0 /usr/lib/gcc/avr/5.4.0/../../../avr/lib/avr51/libc.a(strnlen.o)
 .text          0x0000000000000e38        0x0 /usr/lib/gcc/avr/5.4.0/../../../avr/lib/avr51/libc.a(fputc.o)
 .text          0x0000000000000e38        0x0 /usr/lib/gcc/avr/5.4.0/../../../avr/lib/avr51/libc.a(ultoa_invert.o)
                0x0000000000000e38                . = ALIGN (0x2)
 *(.text.*)
 .text.startup  0x0000000000000e38       0x48 main.o
                0x0000000000000e38                main
 .text.libgcc.mul
                0x0000000000000e80        0x0 /usr/lib/gcc/avr/5.4.0/avr51/libgcc.a(_exit.o)
 .text.libgcc.div
                0x0000000000000e80        0x0 /usr/lib/gcc/avr/5.4.0/avr51/libgcc.a(_exit.o)
 .text.libgcc   0x0000000000000e80        0x0 /usr/lib/gcc/avr/5.4.0/avr51/libgcc.a(_exit.o)
 .text.libgcc.prologue
                0x0000000000000e80        0x0 /usr/lib/gcc/avr/5.4.0/avr51/libgcc.a(_exit.o)
 .text.libgcc.builtins
                0x0000000000000e80        0x0 /usr/lib/gcc/avr/5.4.0/avr51/libgcc.a(_exit.o)
 .text.libgcc.fmul
                0x0000000000000e80        0x0 /usr/lib/gcc/avr/5.4.0/avr51/libgcc.a(_exit.o)
 .text.libgcc.fixed
                0x0000000000000e80        0x0 /usr/lib/gcc/avr/5.4.0/avr51/libgcc.a(_exit.o)
 .text.libgcc.mul
                0x0000000000000e80        0x0 /usr/lib/gcc/avr/5.4.0/avr51/libgcc.a(_copy_data.o)
 .text.libgcc.div
                0x0000000000000e80        0x0 /usr/lib/gcc/avr/5.4.0/avr51/libgcc.a(_copy_data.o)
 .text.libgcc   0x0000000000000e80        0x0 /usr/lib/gcc/avr/5.4.0/avr51/libgcc.a(_copy_data.o)
 .text.libgcc.prologue
                0x0000000000000e80        0x0 /usr/lib/gcc/avr/5.4.0/avr51/libgcc.a(_copy_data.o)
 .text.libgcc.builtins
                0x0000000000000e80        0x0 /usr/lib/gcc/avr/5.4.0/avr51/libgcc.a(_copy_data.o)
 .text.libgcc.fmul
                0x0000000000000e80        0x0 /usr/lib/gcc/avr/5.4.0/avr51/libgcc.a(_copy_data.o)
 .text.libgcc.fixed
                0x0000000000000e80        0x0 /usr/lib/gcc/avr/5.4.0/avr51/libgcc.a(_copy_data.o)
 .text.libgcc.mul
                0x0000000000000e80        0x0 /usr/lib/gcc/avr/5.4.0/avr51/libgcc.a(_clear_bss.o)
 .text.libgcc.div
                0x0000000000000e80        0x0 /usr/lib/gcc/avr/5.4.0/avr51/libgcc.a(_clear_bss.o)
 .text.libgcc   0x0000000000000e80        0x0 /usr/lib/gcc/avr/5.4.0/avr51/libgcc.a(_clear_bss.o)
 .text.libgcc.prologue
                0x0000000000000e80        0x0 /usr/lib/gcc/avr/5.4.0/avr51/libgcc.a(_clear_bss.o)
 .text.libgcc.builtins
                0x0000000000000e80        0x0 /usr/lib/gcc/avr/5.4.0/avr51/libgcc.a(_clear_bss.o)
 .text.libgcc.fmul
                0x0000000000000e80        0x0 /usr/lib/gcc/avr/5.4.0/avr51/libgcc.a(_clear_bss.o)
 .text.libgcc.fixed
                0x0000000000000e80        0x0 /usr/lib/gcc/avr/5.4.0/avr51/libgcc.a(_clear_bss.o)
 .text.avr-libc
                0x0000000000000e80       0x28 /usr/lib/gcc/avr/5.4.0/../../../avr/lib/avr51/libc.a(printf.o)
                0x0000000000000e80                printf
 .text.avr-libc
                0x0000000000000ea8        0xc /usr/lib/gcc/avr/5.4.0/../../../avr/lib/avr51/libc.a(putchar.o)
                0x0000000000000ea8                putchar
 .text.avr-libc
                0x0000000000000eb4      0x414 /usr/lib/gcc/avr/5.4.0/../../../avr/lib/avr51/libc.a(vfprintf_std.o)
                0x0000000000000eb4                vfprintf
 .text.avr-libc
                0x00000000000012c8       0x16 /usr/lib/gcc/avr/5.4.0/../../../avr/lib/avr51/libc.a(strnlen_P.o)
                0x00000000000012c8                strnlen_P
 .text.avr-libc
                0x00000000000012de       0x16 /usr/lib/gcc/avr/5.4.0/../../../avr/lib/avr51/libc.a(strnlen.o)
                0x00000000000012de                strnlen
 .text.avr-libc
                0x00000000000012f4       0x78 /usr/lib/gcc/avr/5.4.0/../../../avr/lib/avr51/libc.a(fputc.o)
                0x00000000000012f4                fputc
 .text.avr-libc
                0x000000000000136c       0xbc /usr/lib/gcc/avr/5.4.0/../../../avr/lib/avr51/libc.a(ultoa_invert.o)
                0x000000000000136c                __ultoa_invert
                0x0000000000001428                . = ALIGN (0x2)
 *(.fini9)
 .fini9         0x0000000000001428        0x0 /usr/lib/gcc/avr/5.4.0/avr51/libgcc.a(_exit.o)
                0x0000000000001428                exit
                0x0000000000001428                _exit
 *(.fini9)
 *(.fini8)
 *(.fini8)
 *(.fini7)
 *(.fini7)
 *(.fini6)
 *(.fini6)
 *(.fini5)
 *(.fini5)
 *(.fini4)
 *(.fini4)
 *(.fini3)
 *(.fini3)
 *(.fini2)
 *(.fini2)
 *(.fini1)
 *(.fini1)
 *(.fini0)
 .fini0         0x0000000000001428        0x4 /usr/lib/gcc/avr/5.4.0/avr51/libgcc.a(_exit.o)
 *(.fini0)
                0x000000000000142c                _etext = .

.data           0x0000000000800100      0x124 load address 0x000000000000142c
                0x0000000000800100                PROVIDE (__data_start, .)
 *(.data)
 .data          0x0000000000800100        0x0 /usr/lib/gcc/avr/5.4.0/../../../avr/lib/avr51/crtatmega1284p.o
 .data          0x0000000000800100        0x2 usbdrv/usbdrv.o
                0x0000000000800101                usbTxLen
 .data          0x0000000000800102        0x0 usbdrv/usbdrvasm.o
 .data          0x0000000000800102        0x0 usbdrv/oddebug.o
 .data          0x0000000000800102        0x0 clock.o
 .data          0x0000000000800102       0x1c uart.o
 .data          0x000000000080011e        0x0 main.o
 .data          0x000000000080011e        0x0 /usr/lib/gcc/avr/5.4.0/avr51/libgcc.a(_exit.o)
 .data          0x000000000080011e        0x0 /usr/lib/gcc/avr/5.4.0/avr51/libgcc.a(_copy_data.o)
 .data          0x000000000080011e        0x0 /usr/lib/gcc/avr/5.4.0/avr51/libgcc.a(_clear_bss.o)
 .data          0x000000000080011e        0x0 /usr/lib/gcc/avr/5.4.0/../../../avr/lib/avr51/libc.a(iob.o)
 .data          0x000000000080011e        0x0 /usr/lib/gcc/avr/5.4.0/../../../avr/lib/avr51/libc.a(printf.o)
 .data          0x000000000080011e        0x0 /usr/lib/gcc/avr/5.4.0/../../../avr/lib/avr51/libc.a(putchar.o)
 .data          0x000000000080011e        0x0 /usr/lib/gcc/avr/5.4.0/../../../avr/lib/avr51/libc.a(vfprintf_std.o)
 .data          0x000000000080011e        0x0 /usr/lib/gcc/avr/5.4.0/../../../avr/lib/avr51/libc.a(strnlen_P.o)
 .data          0x000000000080011e        0x0 /usr/lib/gcc/avr/5.4.0/../../../avr/lib/avr51/libc.a(strnlen.o)
 .data          0x000000000080011e        0x0 /usr/lib/gcc/avr/5.4.0/../../../avr/lib/avr51/libc.a(fputc.o)
 .data          0x000000000080011e        0x0 /usr/lib/gcc/avr/5.4.0/../../../avr/lib/avr51/libc.a(ultoa_invert.o)
 *(.data*)
 *(.gnu.linkonce.d*)
 *(.rodata)
 *(.rodata*)
 .rodata.str1.1
                0x000000000080011e      0x105 main.o
                                        0x110 (size before relaxing)
 *(.gnu.linkonce.r*)
                0x0000000000800224                . = ALIGN (0x2)
 *fill*         0x0000000000800223        0x1 
                0x0000000000800224                _edata = .
                0x0000000000800224                PROVIDE (__data_end, .)

.bss            0x0000000000800224       0x45
                0x0000000000800224                PROVIDE (__bss_start, .)
 *(.bss)
 .bss           0x0000000000800224        0x0 /usr/lib/gcc/avr/5.4.0/../../../avr/lib/avr51/crtatmega1284p.o
 .bss           0x0000000000800224        0x1 usbdrv/usbdrv.o
 .bss           0x0000000000800225        0x0 usbdrv/usbdrvasm.o
 .bss           0x0000000000800225        0x0 usbdrv/oddebug.o
 .bss           0x0000000000800225        0x0 clock.o
 .bss           0x0000000000800225        0x0 uart.o
 .bss           0x0000000000800225       0x14 main.o
 .bss           0x0000000000800239        0x0 /usr/lib/gcc/avr/5.4.0/avr51/libgcc.a(_exit.o)
 .bss           0x0000000000800239        0x0 /usr/lib/gcc/avr/5.4.0/avr51/libgcc.a(_copy_data.o)
 .bss           0x0000000000800239        0x0 /usr/lib/gcc/avr/5.4.0/avr51/libgcc.a(_clear_bss.o)
 .bss           0x0000000000800239        0x0 /usr/lib/gcc/avr/5.4.0/../../../avr/lib/avr51/libc.a(iob.o)
 .bss           0x0000000000800239        0x0 /usr/lib/gcc/avr/5.4.0/../../../avr/lib/avr51/libc.a(printf.o)
 .bss           0x0000000000800239        0x0 /usr/lib/gcc/avr/5.4.0/../../../avr/lib/avr51/libc.a(putchar.o)
 .bss           0x0000000000800239        0x0 /usr/lib/gcc/avr/5.4.0/../../../avr/lib/avr51/libc.a(vfprintf_std.o)
 .bss           0x0000000000800239        0x0 /usr/lib/gcc/avr/5.4.0/../../../avr/lib/avr51/libc.a(strnlen_P.o)
 .bss           0x0000000000800239        0x0 /usr/lib/gcc/avr/5.4.0/../../../avr/lib/avr51/libc.a(strnlen.o)
 .bss           0x0000000000800239        0x0 /usr/lib/gcc/avr/5.4.0/../../../avr/lib/avr51/libc.a(fputc.o)
 .bss           0x0000000000800239        0x0 /usr/lib/gcc/avr/5.4.0/../../../avr/lib/avr51/libc.a(ultoa_invert.o)
 *(.bss*)
 *(COMMON)
 COMMON         0x0000000000800239       0x2a usbdrv/usbdrv.o
                0x0000000000800239                usbTxBuf
                0x0000000000800244                usbDeviceAddr
                0x0000000000800245                usbRxToken
                0x0000000000800246                usbInputBufOffset
                0x0000000000800247                usbMsgPtr
                0x0000000000800249                usbRxLen
                0x000000000080024a                usbNewDeviceAddr
                0x000000000080024b                usbCurrentTok
                0x000000000080024c                usbConfiguration
                0x000000000080024d                usbRxBuf
 COMMON         0x0000000000800263        0x6 /usr/lib/gcc/avr/5.4.0/../../../avr/lib/avr51/libc.a(iob.o)
                0x0000000000800263                __iob
                0x0000000000800269                PROVIDE (__bss_end, .)
                0x000000000000142c                __data_load_start = LOADADDR (.data)
                0x0000000000001550                __data_load_end = (__data_load_start + SIZEOF (.data))

.noinit         0x0000000000800269        0x0
                [!provide]                        PROVIDE (__noinit_start, .)
 *(.noinit*)
                [!provide]                        PROVIDE (__noinit_end, .)
                0x0000000000800269                _end = .
                [!provide]                        PROVIDE (__heap_start, .)

.eeprom         0x0000000000810000        0x0
 *(.eeprom*)
                0x0000000000810000                __eeprom_end = .

.fuse
 *(.fuse)
 *(.lfuse)
 *(.hfuse)
 *(.efuse)

.lock
 *(.lock*)

.signature
 *(.signature*)

.user_signatures
 *(.user_signatures*)

.stab
 *(.stab)

.stabstr
 *(.stabstr)

.stab.excl
 *(.stab.excl)

.stab.exclstr
 *(.stab.exclstr)

.stab.index
 *(.stab.index)

.stab.indexstr
 *(.stab.indexstr)

.comment        0x0000000000000000       0x11
 *(.comment)
 .comment       0x0000000000000000       0x11 usbdrv/usbdrv.o
                                         0x12 (size before relaxing)
 .comment       0x0000000000000011       0x12 usbdrv/oddebug.o
 .comment       0x0000000000000011       0x12 clock.o
 .comment       0x0000000000000011       0x12 uart.o
 .comment       0x0000000000000011       0x12 main.o
 .comment       0x0000000000000011       0x12 /usr/lib/gcc/avr/5.4.0/../../../avr/lib/avr51/libc.a(iob.o)
 .comment       0x0000000000000011       0x12 /usr/lib/gcc/avr/5.4.0/../../../avr/lib/avr51/libc.a(printf.o)
 .comment       0x0000000000000011       0x12 /usr/lib/gcc/avr/5.4.0/../../../avr/lib/avr51/libc.a(putchar.o)
 .comment       0x0000000000000011       0x12 /usr/lib/gcc/avr/5.4.0/../../../avr/lib/avr51/libc.a(vfprintf_std.o)
 .comment       0x0000000000000011       0x12 /usr/lib/gcc/avr/5.4.0/../../../avr/lib/avr51/libc.a(fputc.o)

.note.gnu.avr.deviceinfo
                0x0000000000000000       0x40
 .note.gnu.avr.deviceinfo
                0x0000000000000000       0x40 /usr/lib/gcc/avr/5.4.0/../../../avr/lib/avr51/crtatmega1284p.o

.note.gnu.build-id
 *(.note.gnu.build-id)

.debug
 *(.debug)

.line
 *(.line)

.debug_srcinfo
 *(.debug_srcinfo)

.debug_sfnames
 *(.debug_sfnames)

.debug_aranges
 *(.debug_aranges)

.debug_pubnames
 *(.debug_pubnames)

.debug_info     0x0000000000000000      0x792
 *(.debug_info .gnu.linkonce.wi.*)
 .debug_info    0x0000000000000000      0x792 /usr/lib/gcc/avr/5.4.0/../../../avr/lib/avr51/crtatmega1284p.o

.debug_abbrev   0x0000000000000000      0x729
 *(.debug_abbrev)
 .debug_abbrev  0x0000000000000000      0x729 /usr/lib/gcc/avr/5.4.0/../../../avr/lib/avr51/crtatmega1284p.o

.debug_line     0x0000000000000000       0x1a
 *(.debug_line .debug_line.* .debug_line_end)
 .debug_line    0x0000000000000000       0x1a /usr/lib/gcc/avr/5.4.0/../../../avr/lib/avr51/crtatmega1284p.o

.debug_frame
 *(.debug_frame)

.debug_str      0x0000000000000000      0x296
 *(.debug_str)
 .debug_str     0x0000000000000000      0x296 /usr/lib/gcc/avr/5.4.0/../../../avr/lib/avr51/crtatmega1284p.o

.debug_loc
 *(.debug_loc)

.debug_macinfo
 *(.debug_macinfo)

.debug_weaknames
 *(.debug_weaknames)

.debug_funcnames
 *(.debug_funcnames)

.debug_typenames
 *(.debug_typenames)

.debug_varnames
 *(.debug_varnames)

.debug_pubtypes
 *(.debug_pubtypes)

.debug_ranges
 *(.debug_ranges)

.debug_macro
 *(.debug_macro)
OUTPUT(main.bin elf32-avr)
LOAD linker stubs
